// Jest Snapshot v1, https://goo.gl/fbAQLP

exports[`TradingCard Rendering renders according to design 1`] = `
<div
  className="sc-dnqmqq UNfzD"
>
  <div
    className="sc-iwsKbI dpxXYA sc-bxivhb hmJKfe"
  >
    <div
      className="sc-bdVaJa lhrPED"
    >
      <label
        className="sc-bwzfXH ebnOHd"
        htmlFor="Ativo"
      >
        Ativo:
      </label>
      <select
        className="sc-htpNat eSoGCX"
        id="Ativo"
        name="Ativo"
      >
        <option
          value="WINM20"
        >
          WINM20
        </option>
        <option
          value="WDON20"
        >
          WDON20
        </option>
      </select>
    </div>
    <div
      className="sc-bdVaJa lhrPED"
    >
      <label
        className="sc-bwzfXH ebnOHd"
        htmlFor="Tipo"
      >
        Tipo:
      </label>
      <select
        className="sc-htpNat eSoGCX"
        id="Tipo"
        name="Tipo"
      >
        <option
          value="Pregão"
        >
          Pregão
        </option>
        <option
          value="Abertura"
        >
          Abertura
        </option>
      </select>
    </div>
    <div
      className="sc-bdVaJa lhrPED"
    >
      <label
        className="sc-bwzfXH ebnOHd"
        htmlFor="Estratégia"
      >
        Estratégia:
      </label>
      <select
        className="sc-htpNat eSoGCX"
        id="Estratégia"
        name="Estratégia"
      >
        <option
          value="Topo / Fundo"
        >
          Topo / Fundo
        </option>
        <option
          value="Fecha Fora / Fecha Dentro"
        >
          Fecha Fora / Fecha Dentro
        </option>
        <option
          value="3x1"
        >
          3x1
        </option>
        <option
          value="Fabolous 4"
        >
          Fabolous 4
        </option>
      </select>
    </div>
  </div>
  <div
    className="sc-gZMcBi kDoKwg sc-gzVnrw dvLPbt"
  >
    <div
      className="sc-ifAKCX klasqr"
    >
      <label
        className="sc-EHOje eNQsqv"
        htmlFor="Entrada"
      >
        Entrada:
      </label>
      <input
        className="sc-bZQynM cdAyGJ"
        disabled={false}
        id="Entrada"
        name="Entrada"
        type="text"
      />
    </div>
    <div
      className="sc-ifAKCX klasqr"
    >
      <label
        className="sc-EHOje eNQsqv"
        htmlFor="Stop Base"
      >
        Stop Base:
      </label>
      <input
        className="sc-bZQynM cdAyGJ"
        disabled={false}
        id="Stop Base"
        name="Stop Base"
        type="text"
      />
    </div>
    <div
      className="sc-ifAKCX klasqr"
    >
      <label
        className="sc-EHOje eNQsqv"
        htmlFor="Hora"
      >
        Hora:
      </label>
      <input
        className="sc-bZQynM cdAyGJ"
        disabled={false}
        id="Hora"
        name="Hora"
        type="text"
      />
    </div>
    <button
      className="sc-htoDjs jLAlE"
      disabled={false}
      value="Iniciar"
    >
      Iniciar
    </button>
  </div>
</div>
`;
