// Jest Snapshot v1, https://goo.gl/fbAQLP

exports[`Start Rendering renders according to design 1`] = `
<div
  className="sc-bxivhb dvxyIR"
>
  <div
    className="sc-bdVaJa lhrPED"
  >
    <label
      className="sc-bwzfXH ebnOHd"
      htmlFor="Entrada"
    >
      Entrada:
    </label>
    <input
      className="sc-htpNat iZIyaN"
      disabled={false}
      id="Entrada"
      name="Entrada"
      type="text"
    />
  </div>
  <div
    className="sc-bdVaJa lhrPED"
  >
    <label
      className="sc-bwzfXH ebnOHd"
      htmlFor="Stop Base"
    >
      Stop Base:
    </label>
    <input
      className="sc-htpNat iZIyaN"
      disabled={false}
      id="Stop Base"
      name="Stop Base"
      type="text"
    />
  </div>
  <div
    className="sc-bdVaJa lhrPED"
  >
    <label
      className="sc-bwzfXH ebnOHd"
      htmlFor="Hora"
    >
      Hora:
    </label>
    <input
      className="sc-htpNat iZIyaN"
      disabled={false}
      id="Hora"
      name="Hora"
      type="text"
    />
  </div>
  <button
    className="sc-ifAKCX loRasB"
    disabled={false}
    value="Iniciar"
  >
    Iniciar
  </button>
</div>
`;
